// Jest Snapshot v1, https://goo.gl/fbAQLP

exports[`When Check Box has rendered Expect it has been rendered successfully 1`] = `
<div
  class="bg-[#FFFFFF] shadow-primary p-4 space-y-4 "
  data-testid="checkBoxGetter"
>
  <div>
    <h1
      class="font-semibold text-black"
    >
      Add or removes columns
    </h1>
  </div>
  <div
    class="space-y-8"
  >
    <div>
      <label
        for="title"
      >
        <span
          class="relative"
        >
          <input
            checked=""
            class="appearance-none w-5 h-5 border-2 border-gray-300 rounded-md checked:bg-red-500 checked:border-red-600 checked:text-white checked:outline-none checked:relative checked:before:block checked:content-[''] checked:w-5 checked:h-5 checked:border-white checked:border-solid checked:mx-auto"
            type="checkbox"
          />
        </span>
        <span
          class="ml-2 font-semibold capitalize text-[1.25rem]"
        >
          title
        </span>
      </label>
    </div>
    <div>
      <label
        for="categories"
      >
        <span
          class="relative"
        >
          <input
            class="appearance-none w-5 h-5 border-2 border-gray-300 rounded-md checked:bg-red-500 checked:border-red-600 checked:text-white checked:outline-none checked:relative checked:before:block checked:content-[''] checked:w-5 checked:h-5 checked:border-white checked:border-solid checked:mx-auto"
            type="checkbox"
          />
        </span>
        <span
          class="ml-2 font-semibold capitalize text-[1.25rem]"
        >
          categories
        </span>
      </label>
    </div>
    <div>
      <label
        for="price"
      >
        <span
          class="relative"
        >
          <input
            class="appearance-none w-5 h-5 border-2 border-gray-300 rounded-md checked:bg-red-500 checked:border-red-600 checked:text-white checked:outline-none checked:relative checked:before:block checked:content-[''] checked:w-5 checked:h-5 checked:border-white checked:border-solid checked:mx-auto"
            type="checkbox"
          />
        </span>
        <span
          class="ml-2 font-semibold capitalize text-[1.25rem]"
        >
          price
        </span>
      </label>
    </div>
    <div>
      <label
        for="date"
      >
        <span
          class="relative"
        >
          <input
            checked=""
            class="appearance-none w-5 h-5 border-2 border-gray-300 rounded-md checked:bg-red-500 checked:border-red-600 checked:text-white checked:outline-none checked:relative checked:before:block checked:content-[''] checked:w-5 checked:h-5 checked:border-white checked:border-solid checked:mx-auto"
            type="checkbox"
          />
        </span>
        <span
          class="ml-2 font-semibold capitalize text-[1.25rem]"
        >
          date
        </span>
      </label>
    </div>
    <div>
      <label
        for="author"
      >
        <span
          class="relative"
        >
          <input
            checked=""
            class="appearance-none w-5 h-5 border-2 border-gray-300 rounded-md checked:bg-red-500 checked:border-red-600 checked:text-white checked:outline-none checked:relative checked:before:block checked:content-[''] checked:w-5 checked:h-5 checked:border-white checked:border-solid checked:mx-auto"
            type="checkbox"
          />
        </span>
        <span
          class="ml-2 font-semibold capitalize text-[1.25rem]"
        >
          author
        </span>
      </label>
    </div>
    <div>
      <label
        for="status"
      >
        <span
          class="relative"
        >
          <input
            checked=""
            class="appearance-none w-5 h-5 border-2 border-gray-300 rounded-md checked:bg-red-500 checked:border-red-600 checked:text-white checked:outline-none checked:relative checked:before:block checked:content-[''] checked:w-5 checked:h-5 checked:border-white checked:border-solid checked:mx-auto"
            type="checkbox"
          />
        </span>
        <span
          class="ml-2 font-semibold capitalize text-[1.25rem]"
        >
          status
        </span>
      </label>
    </div>
    <div>
      <label
        for="action"
      >
        <span
          class="relative"
        >
          <input
            checked=""
            class="appearance-none w-5 h-5 border-2 border-gray-300 rounded-md checked:bg-red-500 checked:border-red-600 checked:text-white checked:outline-none checked:relative checked:before:block checked:content-[''] checked:w-5 checked:h-5 checked:border-white checked:border-solid checked:mx-auto"
            type="checkbox"
          />
        </span>
        <span
          class="ml-2 font-semibold capitalize text-[1.25rem]"
        >
          action
        </span>
      </label>
    </div>
  </div>
</div>
`;
